C:/Users/manojkumar.ch/STM32CubeIDE/Project/Tx_MPU/Core/Src/app_threadx.c:78:6:tx_application_define	56	static
C:/Users/manojkumar.ch/STM32CubeIDE/Project/Tx_MPU/Core/Src/app_threadx.c:128:6:MX_AZURE_RTOS_Init	8	static
C:/Users/manojkumar.ch/STM32CubeIDE/Project/Tx_MPU/Core/Src/app_threadx.c:146:6:module_manager_entry	96	static
C:/Users/manojkumar.ch/STM32CubeIDE/Project/Tx_MPU/Core/Src/app_threadx.c:271:6:module_fault_handler	16	static
C:/Users/manojkumar.ch/STM32CubeIDE/Project/Tx_MPU/Core/Src/app_threadx.c:277:6:pretty_msg	16	static
