C:/Users/manojkumar.ch/STM32CubeIDE/Project/Tx_MPU/Core/Src/main.c:72:5:main	24	static,ignoring_inline_asm
C:/Users/manojkumar.ch/STM32CubeIDE/Project/Tx_MPU/Core/Src/main.c:128:6:SystemClock_Config	120	static
C:/Users/manojkumar.ch/STM32CubeIDE/Project/Tx_MPU/Core/Src/main.c:183:6:Error_Handler	8	static
C:/Users/manojkumar.ch/STM32CubeIDE/Project/Tx_MPU/Core/Src/main.c:203:1:__io_putchar	16	static
C:/Users/manojkumar.ch/STM32CubeIDE/Project/Tx_MPU/Core/Src/main.c:219:13:UART_Config	8	static
C:/Users/manojkumar.ch/STM32CubeIDE/Project/Tx_MPU/Core/Src/main.c:270:6:HAL_TIM_PeriodElapsedCallback	16	static
